[Captured pytest output will be placed here by the user after running uv run pytest]
